
> vite_react_shadcn_ts@0.0.0 test:e2e
> playwright test tests/e2e

[2m[WebServer] [22m
[2m[WebServer] [22m> vite_react_shadcn_ts@0.0.0 dev /mnt/nas/projects/one-ai-chat
[2m[WebServer] [22m> vite
[2m[WebServer] [22m
[2m[WebServer] [22mPort 4002 is in use, trying another one...
[2m[WebServer] [22m
[2m[WebServer] [22m  [32m[1mVITE[22m v7.3.1[39m  [2mready in [0m[1m227[22m[2m[0m ms[22m
[2m[WebServer] [22m
[2m[WebServer] [22m  [32m➜[39m  [1mLocal[22m:   [36mhttp://localhost:[1m4003[22m/[39m
[2m[WebServer] [22m  [32m➜[39m  [1mNetwork[22m: [36mhttp://10.0.0.135:[1m4003[22m/[39m
[2m[WebServer] [22m  [32m➜[39m  [1mNetwork[22m: [36mhttp://10.0.0.139:[1m4003[22m/[39m
[2m[WebServer] [22m  [32m➜[39m  [1mNetwork[22m: [36mhttp://172.18.0.1:[1m4003[22m/[39m
[2m[WebServer] [22m  [32m➜[39m  [1mNetwork[22m: [36mhttp://172.24.0.1:[1m4003[22m/[39m
[2m[WebServer] [22m  [32m➜[39m  [1mNetwork[22m: [36mhttp://172.20.0.1:[1m4003[22m/[39m
[2m[WebServer] [22m  [32m➜[39m  [1mNetwork[22m: [36mhttp://172.23.0.1:[1m4003[22m/[39m
[2m[WebServer] [22m  [32m➜[39m  [1mNetwork[22m: [36mhttp://172.22.0.1:[1m4003[22m/[39m
